// Jest Snapshot v1, https://goo.gl/fbAQLP

exports[`GifExpertApp tests renders correctly 1`] = `
<div>
  <h1>
    GifExpertApp
  </h1>
  <input
    name="newValueInput"
    placeholder="Write the new category"
    type="text"
    value=""
  />
</div>
`;
